---
source: src/distillers/mod.rs
expression: output
---
env: 36 vars | REDACTED: 9 sensitive
  OMNI(3) TERM(3) AWS(2) CARGO(2) RUSTUP(2) XDG(2) ANTHROPIC(1) COLORTERM(1)
  Sensitive:
    ANTHROPIC_API_KEY=[REDACTED]
    GITHUB_TOKEN=[REDACTED]
    OPENAI_API_KEY=[REDACTED]
    AWS_ACCESS_KEY_ID=[REDACTED]
    AWS_SECRET_ACCESS_KEY=[REDACTED]
    DATABASE_URL=[REDACTED]
    REDIS_URL=[REDACTED]
    GEMINI_API_KEY=[REDACTED]
    SSH_AUTH_SOCK=[REDACTED]
